#-----------------------------------------------------------
# Vivado v2025.1 (64-bit)
# SW Build 6140274 on Thu May 22 00:12:29 MDT 2025
# IP Build 6138677 on Thu May 22 03:10:11 MDT 2025
# SharedData Build 6139179 on Tue May 20 17:58:58 MDT 2025
# Start of session at: Thu May 21 22:19:40 2026
# Process ID         : 26352
# Current directory  : C:/Vivado/CompArch/pipelinedGit/pipeline/pipeline.runs/clk_wiz_0_synth_1
# Command line       : vivado.exe -log clk_wiz_0.vds -product Vivado -mode batch -messageDb vivado.pb -notrace -source clk_wiz_0.tcl
# Log file           : C:/Vivado/CompArch/pipelinedGit/pipeline/pipeline.runs/clk_wiz_0_synth_1/clk_wiz_0.vds
# Journal file       : C:/Vivado/CompArch/pipelinedGit/pipeline/pipeline.runs/clk_wiz_0_synth_1\vivado.jou
# Running On         : LAPTOP-QR3M58JR
# Platform           : Windows Server 2016 or Windows 10
# Operating System   : 26200
# Processor Detail   : Intel(R) Core(TM) i5-9300H CPU @ 2.40GHz
# CPU Frequency      : 2400 MHz
# CPU Physical cores : 4
# CPU Logical cores  : 8
# Host memory        : 17009 MB
# Swap memory        : 7815 MB
# Total Virtual      : 24824 MB
# Available Virtual  : 4094 MB
#-----------------------------------------------------------
source clk_wiz_0.tcl -notrace
