
*** Running vivado
    with args -log parent.vds -m64 -product Vivado -mode batch -messageDb vivado.pb -notrace -source parent.tcl



****** Vivado v2025.1 (64-bit)
  **** SW Build 6140274 on Thu May 22 00:12:29 MDT 2025
  **** IP Build 6138677 on Thu May 22 03:10:11 MDT 2025
  **** SharedData Build 6139179 on Tue May 20 17:58:58 MDT 2025
  **** Start of session at: Mon May 25 19:56:23 2026
    ** Copyright 1986-2022 Xilinx, Inc. All Rights Reserved.
    ** Copyright 2022-2025 Advanced Micro Devices, Inc. All Rights Reserved.

source parent.tcl -notrace
create_project: Time (s): cpu = 00:00:26 ; elapsed = 00:00:41 . Memory (MB): peak = 482.738 ; gain = 209.707
Command: read_checkpoint -auto_incremental -incremental C:/Vivado/CompArch/pipelinedGit/pipeline/pipeline.srcs/utils_1/imports/synth_1/pipeline.dcp
INFO: [Vivado 12-5825] Read reference checkpoint from C:/Vivado/CompArch/pipelinedGit/pipeline/pipeline.srcs/utils_1/imports/synth_1/pipeline.dcp for incremental synthesis
INFO: [Vivado 12-7989] Please ensure there are no constraint changes
read_checkpoint: Time (s): cpu = 00:00:02 ; elapsed = 00:00:07 . Memory (MB): peak = 491.094 ; gain = 8.355
Command: synth_design -top parent -part xc7z020clg400-1
Starting synth_design
Attempting to get a license for feature 'Synthesis' and/or device 'xc7z020'
INFO: [Common 17-349] Got license for feature 'Synthesis' and/or device 'xc7z020'
INFO: [Device 21-403] Loading part xc7z020clg400-1
INFO: [Synth 8-7079] Multithreading enabled for synth_design using a maximum of 2 processes.
INFO: [Synth 8-7078] Launching helper process for spawning children vivado processes
INFO: [Synth 8-7075] Helper process launched with PID 19236
---------------------------------------------------------------------------------
Starting RTL Elaboration : Time (s): cpu = 00:00:08 ; elapsed = 00:00:08 . Memory (MB): peak = 1214.074 ; gain = 493.516
---------------------------------------------------------------------------------
INFO: [Synth 8-11241] undeclared symbol 't_ff_clk', assumed default net type 'wire' [C:/Vivado/CompArch/pipelinedGit/pipeline/pipeline.srcs/sources_1/new/parent.v:24]
INFO: [Synth 8-6157] synthesizing module 'parent' [C:/Vivado/CompArch/pipelinedGit/pipeline/pipeline.srcs/sources_1/new/parent.v:3]
INFO: [Synth 8-6157] synthesizing module 'tff' [C:/Vivado/CompArch/pipelinedGit/pipeline/pipeline.srcs/sources_1/new/tff.v:4]
INFO: [Synth 8-6155] done synthesizing module 'tff' (0#1) [C:/Vivado/CompArch/pipelinedGit/pipeline/pipeline.srcs/sources_1/new/tff.v:4]
INFO: [Synth 8-6157] synthesizing module 'analogTranslator' [C:/Vivado/CompArch/pipelinedGit/pipeline/pipeline.srcs/sources_1/new/analogTranslator.v:3]
INFO: [Synth 8-6155] done synthesizing module 'analogTranslator' (0#1) [C:/Vivado/CompArch/pipelinedGit/pipeline/pipeline.srcs/sources_1/new/analogTranslator.v:3]
INFO: [Synth 8-6157] synthesizing module 'movementDivider' [C:/Vivado/CompArch/pipelinedGit/pipeline/pipeline.srcs/sources_1/new/movementDivider.v:2]
	Parameter SIM_MODE bound to: 0 - type: integer 
INFO: [Synth 8-6155] done synthesizing module 'movementDivider' (0#1) [C:/Vivado/CompArch/pipelinedGit/pipeline/pipeline.srcs/sources_1/new/movementDivider.v:2]
INFO: [Synth 8-6157] synthesizing module 'pipeline' [C:/Vivado/CompArch/pipelinedGit/pipeline/pipeline.srcs/sources_1/new/pipeline.v:3]
	Parameter inputs bound to: 256 - type: integer 
INFO: [Synth 8-6157] synthesizing module 'pc' [C:/Vivado/CompArch/pipelinedGit/pipeline/pipeline.srcs/sources_1/imports/new/pc.v:3]
INFO: [Synth 8-6155] done synthesizing module 'pc' (0#1) [C:/Vivado/CompArch/pipelinedGit/pipeline/pipeline.srcs/sources_1/imports/new/pc.v:3]
INFO: [Synth 8-6157] synthesizing module 'adder' [C:/Vivado/CompArch/pipelinedGit/pipeline/pipeline.srcs/sources_1/new/adder.v:3]
INFO: [Synth 8-6155] done synthesizing module 'adder' (0#1) [C:/Vivado/CompArch/pipelinedGit/pipeline/pipeline.srcs/sources_1/new/adder.v:3]
INFO: [Synth 8-6157] synthesizing module 'instructionMem' [C:/Vivado/CompArch/pipelinedGit/pipeline/pipeline.srcs/sources_1/imports/new/instructionMem.v:3]
INFO: [Synth 8-6155] done synthesizing module 'instructionMem' (0#1) [C:/Vivado/CompArch/pipelinedGit/pipeline/pipeline.srcs/sources_1/imports/new/instructionMem.v:3]
INFO: [Synth 8-6157] synthesizing module 'if_id' [C:/Vivado/CompArch/pipelinedGit/pipeline/pipeline.srcs/sources_1/new/if_id.v:3]
INFO: [Synth 8-6155] done synthesizing module 'if_id' (0#1) [C:/Vivado/CompArch/pipelinedGit/pipeline/pipeline.srcs/sources_1/new/if_id.v:3]
INFO: [Synth 8-6157] synthesizing module 'jTypeAddressProcessor' [C:/Vivado/CompArch/pipelinedGit/pipeline/pipeline.srcs/sources_1/new/jTypeAddressProcessor.v:3]
INFO: [Synth 8-6155] done synthesizing module 'jTypeAddressProcessor' (0#1) [C:/Vivado/CompArch/pipelinedGit/pipeline/pipeline.srcs/sources_1/new/jTypeAddressProcessor.v:3]
INFO: [Synth 8-6157] synthesizing module 'mux2' [C:/Vivado/CompArch/pipelinedGit/pipeline/pipeline.srcs/sources_1/new/mux2.v:4]
	Parameter width bound to: 32 - type: integer 
INFO: [Synth 8-6155] done synthesizing module 'mux2' (0#1) [C:/Vivado/CompArch/pipelinedGit/pipeline/pipeline.srcs/sources_1/new/mux2.v:4]
INFO: [Synth 8-6157] synthesizing module 'mainControl' [C:/Vivado/CompArch/pipelinedGit/pipeline/pipeline.srcs/sources_1/imports/new/mainControl.v:3]
INFO: [Synth 8-6155] done synthesizing module 'mainControl' (0#1) [C:/Vivado/CompArch/pipelinedGit/pipeline/pipeline.srcs/sources_1/imports/new/mainControl.v:3]
INFO: [Synth 8-6157] synthesizing module 'jrControl' [C:/Vivado/CompArch/pipelinedGit/pipeline/pipeline.srcs/sources_1/new/jrControl.v:3]
INFO: [Synth 8-6155] done synthesizing module 'jrControl' (0#1) [C:/Vivado/CompArch/pipelinedGit/pipeline/pipeline.srcs/sources_1/new/jrControl.v:3]
INFO: [Synth 8-6157] synthesizing module 'hazardDetectionUnit' [C:/Vivado/CompArch/pipelinedGit/pipeline/pipeline.srcs/sources_1/new/hazardDetectionUnit.v:3]
INFO: [Synth 8-6155] done synthesizing module 'hazardDetectionUnit' (0#1) [C:/Vivado/CompArch/pipelinedGit/pipeline/pipeline.srcs/sources_1/new/hazardDetectionUnit.v:3]
INFO: [Synth 8-6157] synthesizing module 'signExtend' [C:/Vivado/CompArch/pipelinedGit/pipeline/pipeline.srcs/sources_1/imports/new/signExtend.v:3]
INFO: [Synth 8-6155] done synthesizing module 'signExtend' (0#1) [C:/Vivado/CompArch/pipelinedGit/pipeline/pipeline.srcs/sources_1/imports/new/signExtend.v:3]
INFO: [Synth 8-6157] synthesizing module 'zeroExtend' [C:/Vivado/CompArch/pipelinedGit/pipeline/pipeline.srcs/sources_1/new/zeroExtend.v:3]
INFO: [Synth 8-6155] done synthesizing module 'zeroExtend' (0#1) [C:/Vivado/CompArch/pipelinedGit/pipeline/pipeline.srcs/sources_1/new/zeroExtend.v:3]
INFO: [Synth 8-6157] synthesizing module 'sext_or_zext_control' [C:/Vivado/CompArch/pipelinedGit/pipeline/pipeline.srcs/sources_1/new/sext_or_zext_control.v:3]
INFO: [Synth 8-6155] done synthesizing module 'sext_or_zext_control' (0#1) [C:/Vivado/CompArch/pipelinedGit/pipeline/pipeline.srcs/sources_1/new/sext_or_zext_control.v:3]
INFO: [Synth 8-6157] synthesizing module 'regFile' [C:/Vivado/CompArch/pipelinedGit/pipeline/pipeline.srcs/sources_1/imports/new/regFile.v:4]
INFO: [Synth 8-6155] done synthesizing module 'regFile' (0#1) [C:/Vivado/CompArch/pipelinedGit/pipeline/pipeline.srcs/sources_1/imports/new/regFile.v:4]
INFO: [Synth 8-6157] synthesizing module 'id_ex' [C:/Vivado/CompArch/pipelinedGit/pipeline/pipeline.srcs/sources_1/new/id_ex.v:8]
INFO: [Synth 8-6155] done synthesizing module 'id_ex' (0#1) [C:/Vivado/CompArch/pipelinedGit/pipeline/pipeline.srcs/sources_1/new/id_ex.v:8]
INFO: [Synth 8-6157] synthesizing module 'forwardingUnit' [C:/Vivado/CompArch/pipelinedGit/pipeline/pipeline.srcs/sources_1/new/forwardingUnit.v:3]
INFO: [Synth 8-6155] done synthesizing module 'forwardingUnit' (0#1) [C:/Vivado/CompArch/pipelinedGit/pipeline/pipeline.srcs/sources_1/new/forwardingUnit.v:3]
INFO: [Synth 8-6157] synthesizing module 'mux4' [C:/Vivado/CompArch/pipelinedGit/pipeline/pipeline.srcs/sources_1/new/mux4.v:3]
	Parameter width bound to: 32 - type: integer 
INFO: [Synth 8-6155] done synthesizing module 'mux4' (0#1) [C:/Vivado/CompArch/pipelinedGit/pipeline/pipeline.srcs/sources_1/new/mux4.v:3]
INFO: [Synth 8-6157] synthesizing module 'mux2__parameterized0' [C:/Vivado/CompArch/pipelinedGit/pipeline/pipeline.srcs/sources_1/new/mux2.v:4]
	Parameter width bound to: 5 - type: integer 
INFO: [Synth 8-6155] done synthesizing module 'mux2__parameterized0' (0#1) [C:/Vivado/CompArch/pipelinedGit/pipeline/pipeline.srcs/sources_1/new/mux2.v:4]
INFO: [Synth 8-6157] synthesizing module 'aluControl' [C:/Vivado/CompArch/pipelinedGit/pipeline/pipeline.srcs/sources_1/imports/new/aluControl.v:4]
INFO: [Synth 8-6155] done synthesizing module 'aluControl' (0#1) [C:/Vivado/CompArch/pipelinedGit/pipeline/pipeline.srcs/sources_1/imports/new/aluControl.v:4]
INFO: [Synth 8-6157] synthesizing module 'alu' [C:/Vivado/CompArch/pipelinedGit/pipeline/pipeline.srcs/sources_1/imports/new/alu6.v:4]
INFO: [Synth 8-6155] done synthesizing module 'alu' (0#1) [C:/Vivado/CompArch/pipelinedGit/pipeline/pipeline.srcs/sources_1/imports/new/alu6.v:4]
INFO: [Synth 8-6157] synthesizing module 'shiftLeft2' [C:/Vivado/CompArch/pipelinedGit/pipeline/pipeline.srcs/sources_1/imports/new/shiftLeft2.v:3]
INFO: [Synth 8-6155] done synthesizing module 'shiftLeft2' (0#1) [C:/Vivado/CompArch/pipelinedGit/pipeline/pipeline.srcs/sources_1/imports/new/shiftLeft2.v:3]
INFO: [Synth 8-6157] synthesizing module 'ex_mem' [C:/Vivado/CompArch/pipelinedGit/pipeline/pipeline.srcs/sources_1/new/ex_mem.v:8]
INFO: [Synth 8-6155] done synthesizing module 'ex_mem' (0#1) [C:/Vivado/CompArch/pipelinedGit/pipeline/pipeline.srcs/sources_1/new/ex_mem.v:8]
INFO: [Synth 8-6157] synthesizing module 'memory' [C:/Vivado/CompArch/pipelinedGit/pipeline/pipeline.srcs/sources_1/imports/new/memory.v:18]
INFO: [Synth 8-6155] done synthesizing module 'memory' (0#1) [C:/Vivado/CompArch/pipelinedGit/pipeline/pipeline.srcs/sources_1/imports/new/memory.v:18]
WARNING: [Synth 8-693] zero replication count - replication ignored [C:/Vivado/CompArch/pipelinedGit/pipeline/pipeline.srcs/sources_1/new/pipeline.v:207]
INFO: [Synth 8-6157] synthesizing module 'mem_wb' [C:/Vivado/CompArch/pipelinedGit/pipeline/pipeline.srcs/sources_1/new/mem_wb.v:7]
INFO: [Synth 8-6155] done synthesizing module 'mem_wb' (0#1) [C:/Vivado/CompArch/pipelinedGit/pipeline/pipeline.srcs/sources_1/new/mem_wb.v:7]
INFO: [Synth 8-6155] done synthesizing module 'pipeline' (0#1) [C:/Vivado/CompArch/pipelinedGit/pipeline/pipeline.srcs/sources_1/new/pipeline.v:3]
INFO: [Synth 8-6157] synthesizing module 'segmentDisplayDecoder' [C:/Vivado/CompArch/pipelinedGit/pipeline/pipeline.srcs/sources_1/new/segmentDisplayDecoder.v:2]
INFO: [Synth 8-6155] done synthesizing module 'segmentDisplayDecoder' (0#1) [C:/Vivado/CompArch/pipelinedGit/pipeline/pipeline.srcs/sources_1/new/segmentDisplayDecoder.v:2]
INFO: [Synth 8-6157] synthesizing module 'crosshair' [C:/Vivado/CompArch/pipelinedGit/pipeline/pipeline.srcs/sources_1/new/crosshair.v:8]
INFO: [Synth 8-6155] done synthesizing module 'crosshair' (0#1) [C:/Vivado/CompArch/pipelinedGit/pipeline/pipeline.srcs/sources_1/new/crosshair.v:8]
INFO: [Synth 8-6157] synthesizing module 'spi' [C:/Vivado/CompArch/pipelinedGit/pipeline/pipeline.srcs/sources_1/new/spi.v:3]
INFO: [Synth 8-226] default block is never used [C:/Vivado/CompArch/pipelinedGit/pipeline/pipeline.srcs/sources_1/new/spi.v:154]
INFO: [Synth 8-6155] done synthesizing module 'spi' (0#1) [C:/Vivado/CompArch/pipelinedGit/pipeline/pipeline.srcs/sources_1/new/spi.v:3]
INFO: [Synth 8-6155] done synthesizing module 'parent' (0#1) [C:/Vivado/CompArch/pipelinedGit/pipeline/pipeline.srcs/sources_1/new/parent.v:3]
WARNING: [Synth 8-6014] Unused sequential element mem_reg[1022] was removed.  [C:/Vivado/CompArch/pipelinedGit/pipeline/pipeline.srcs/sources_1/imports/new/instructionMem.v:12]
WARNING: [Synth 8-6014] Unused sequential element mem_reg[1021] was removed.  [C:/Vivado/CompArch/pipelinedGit/pipeline/pipeline.srcs/sources_1/imports/new/instructionMem.v:12]
WARNING: [Synth 8-6014] Unused sequential element mem_reg[1020] was removed.  [C:/Vivado/CompArch/pipelinedGit/pipeline/pipeline.srcs/sources_1/imports/new/instructionMem.v:12]
WARNING: [Synth 8-6014] Unused sequential element mem_reg[1019] was removed.  [C:/Vivado/CompArch/pipelinedGit/pipeline/pipeline.srcs/sources_1/imports/new/instructionMem.v:12]
WARNING: [Synth 8-6014] Unused sequential element mem_reg[1018] was removed.  [C:/Vivado/CompArch/pipelinedGit/pipeline/pipeline.srcs/sources_1/imports/new/instructionMem.v:12]
WARNING: [Synth 8-6014] Unused sequential element mem_reg[1017] was removed.  [C:/Vivado/CompArch/pipelinedGit/pipeline/pipeline.srcs/sources_1/imports/new/instructionMem.v:12]
WARNING: [Synth 8-6014] Unused sequential element mem_reg[1016] was removed.  [C:/Vivado/CompArch/pipelinedGit/pipeline/pipeline.srcs/sources_1/imports/new/instructionMem.v:12]
WARNING: [Synth 8-6014] Unused sequential element mem_reg[1015] was removed.  [C:/Vivado/CompArch/pipelinedGit/pipeline/pipeline.srcs/sources_1/imports/new/instructionMem.v:12]
WARNING: [Synth 8-6014] Unused sequential element mem_reg[1014] was removed.  [C:/Vivado/CompArch/pipelinedGit/pipeline/pipeline.srcs/sources_1/imports/new/instructionMem.v:12]
WARNING: [Synth 8-6014] Unused sequential element mem_reg[1013] was removed.  [C:/Vivado/CompArch/pipelinedGit/pipeline/pipeline.srcs/sources_1/imports/new/instructionMem.v:12]
WARNING: [Synth 8-6014] Unused sequential element mem_reg[1012] was removed.  [C:/Vivado/CompArch/pipelinedGit/pipeline/pipeline.srcs/sources_1/imports/new/instructionMem.v:12]
WARNING: [Synth 8-6014] Unused sequential element mem_reg[1011] was removed.  [C:/Vivado/CompArch/pipelinedGit/pipeline/pipeline.srcs/sources_1/imports/new/instructionMem.v:12]
WARNING: [Synth 8-6014] Unused sequential element mem_reg[1010] was removed.  [C:/Vivado/CompArch/pipelinedGit/pipeline/pipeline.srcs/sources_1/imports/new/instructionMem.v:12]
WARNING: [Synth 8-6014] Unused sequential element mem_reg[1009] was removed.  [C:/Vivado/CompArch/pipelinedGit/pipeline/pipeline.srcs/sources_1/imports/new/instructionMem.v:12]
WARNING: [Synth 8-6014] Unused sequential element mem_reg[1008] was removed.  [C:/Vivado/CompArch/pipelinedGit/pipeline/pipeline.srcs/sources_1/imports/new/instructionMem.v:12]
WARNING: [Synth 8-6014] Unused sequential element mem_reg[1007] was removed.  [C:/Vivado/CompArch/pipelinedGit/pipeline/pipeline.srcs/sources_1/imports/new/instructionMem.v:12]
WARNING: [Synth 8-6014] Unused sequential element mem_reg[1006] was removed.  [C:/Vivado/CompArch/pipelinedGit/pipeline/pipeline.srcs/sources_1/imports/new/instructionMem.v:12]
WARNING: [Synth 8-6014] Unused sequential element mem_reg[1005] was removed.  [C:/Vivado/CompArch/pipelinedGit/pipeline/pipeline.srcs/sources_1/imports/new/instructionMem.v:12]
WARNING: [Synth 8-6014] Unused sequential element mem_reg[1004] was removed.  [C:/Vivado/CompArch/pipelinedGit/pipeline/pipeline.srcs/sources_1/imports/new/instructionMem.v:12]
WARNING: [Synth 8-6014] Unused sequential element mem_reg[1003] was removed.  [C:/Vivado/CompArch/pipelinedGit/pipeline/pipeline.srcs/sources_1/imports/new/instructionMem.v:12]
WARNING: [Synth 8-6014] Unused sequential element mem_reg[1002] was removed.  [C:/Vivado/CompArch/pipelinedGit/pipeline/pipeline.srcs/sources_1/imports/new/instructionMem.v:12]
WARNING: [Synth 8-6014] Unused sequential element mem_reg[1001] was removed.  [C:/Vivado/CompArch/pipelinedGit/pipeline/pipeline.srcs/sources_1/imports/new/instructionMem.v:12]
WARNING: [Synth 8-6014] Unused sequential element mem_reg[1000] was removed.  [C:/Vivado/CompArch/pipelinedGit/pipeline/pipeline.srcs/sources_1/imports/new/instructionMem.v:12]
WARNING: [Synth 8-6014] Unused sequential element mem_reg[999] was removed.  [C:/Vivado/CompArch/pipelinedGit/pipeline/pipeline.srcs/sources_1/imports/new/instructionMem.v:12]
WARNING: [Synth 8-6014] Unused sequential element mem_reg[998] was removed.  [C:/Vivado/CompArch/pipelinedGit/pipeline/pipeline.srcs/sources_1/imports/new/instructionMem.v:12]
WARNING: [Synth 8-6014] Unused sequential element mem_reg[997] was removed.  [C:/Vivado/CompArch/pipelinedGit/pipeline/pipeline.srcs/sources_1/imports/new/instructionMem.v:12]
WARNING: [Synth 8-6014] Unused sequential element mem_reg[996] was removed.  [C:/Vivado/CompArch/pipelinedGit/pipeline/pipeline.srcs/sources_1/imports/new/instructionMem.v:12]
WARNING: [Synth 8-6014] Unused sequential element mem_reg[995] was removed.  [C:/Vivado/CompArch/pipelinedGit/pipeline/pipeline.srcs/sources_1/imports/new/instructionMem.v:12]
WARNING: [Synth 8-6014] Unused sequential element mem_reg[994] was removed.  [C:/Vivado/CompArch/pipelinedGit/pipeline/pipeline.srcs/sources_1/imports/new/instructionMem.v:12]
WARNING: [Synth 8-6014] Unused sequential element mem_reg[993] was removed.  [C:/Vivado/CompArch/pipelinedGit/pipeline/pipeline.srcs/sources_1/imports/new/instructionMem.v:12]
WARNING: [Synth 8-6014] Unused sequential element mem_reg[992] was removed.  [C:/Vivado/CompArch/pipelinedGit/pipeline/pipeline.srcs/sources_1/imports/new/instructionMem.v:12]
WARNING: [Synth 8-6014] Unused sequential element mem_reg[991] was removed.  [C:/Vivado/CompArch/pipelinedGit/pipeline/pipeline.srcs/sources_1/imports/new/instructionMem.v:12]
WARNING: [Synth 8-6014] Unused sequential element mem_reg[990] was removed.  [C:/Vivado/CompArch/pipelinedGit/pipeline/pipeline.srcs/sources_1/imports/new/instructionMem.v:12]
WARNING: [Synth 8-6014] Unused sequential element mem_reg[989] was removed.  [C:/Vivado/CompArch/pipelinedGit/pipeline/pipeline.srcs/sources_1/imports/new/instructionMem.v:12]
WARNING: [Synth 8-6014] Unused sequential element mem_reg[988] was removed.  [C:/Vivado/CompArch/pipelinedGit/pipeline/pipeline.srcs/sources_1/imports/new/instructionMem.v:12]
WARNING: [Synth 8-6014] Unused sequential element mem_reg[987] was removed.  [C:/Vivado/CompArch/pipelinedGit/pipeline/pipeline.srcs/sources_1/imports/new/instructionMem.v:12]
WARNING: [Synth 8-6014] Unused sequential element mem_reg[986] was removed.  [C:/Vivado/CompArch/pipelinedGit/pipeline/pipeline.srcs/sources_1/imports/new/instructionMem.v:12]
WARNING: [Synth 8-6014] Unused sequential element mem_reg[985] was removed.  [C:/Vivado/CompArch/pipelinedGit/pipeline/pipeline.srcs/sources_1/imports/new/instructionMem.v:12]
WARNING: [Synth 8-6014] Unused sequential element mem_reg[984] was removed.  [C:/Vivado/CompArch/pipelinedGit/pipeline/pipeline.srcs/sources_1/imports/new/instructionMem.v:12]
WARNING: [Synth 8-6014] Unused sequential element mem_reg[983] was removed.  [C:/Vivado/CompArch/pipelinedGit/pipeline/pipeline.srcs/sources_1/imports/new/instructionMem.v:12]
WARNING: [Synth 8-6014] Unused sequential element mem_reg[982] was removed.  [C:/Vivado/CompArch/pipelinedGit/pipeline/pipeline.srcs/sources_1/imports/new/instructionMem.v:12]
WARNING: [Synth 8-6014] Unused sequential element mem_reg[981] was removed.  [C:/Vivado/CompArch/pipelinedGit/pipeline/pipeline.srcs/sources_1/imports/new/instructionMem.v:12]
WARNING: [Synth 8-6014] Unused sequential element mem_reg[980] was removed.  [C:/Vivado/CompArch/pipelinedGit/pipeline/pipeline.srcs/sources_1/imports/new/instructionMem.v:12]
WARNING: [Synth 8-6014] Unused sequential element mem_reg[979] was removed.  [C:/Vivado/CompArch/pipelinedGit/pipeline/pipeline.srcs/sources_1/imports/new/instructionMem.v:12]
WARNING: [Synth 8-6014] Unused sequential element mem_reg[978] was removed.  [C:/Vivado/CompArch/pipelinedGit/pipeline/pipeline.srcs/sources_1/imports/new/instructionMem.v:12]
WARNING: [Synth 8-6014] Unused sequential element mem_reg[977] was removed.  [C:/Vivado/CompArch/pipelinedGit/pipeline/pipeline.srcs/sources_1/imports/new/instructionMem.v:12]
WARNING: [Synth 8-6014] Unused sequential element mem_reg[976] was removed.  [C:/Vivado/CompArch/pipelinedGit/pipeline/pipeline.srcs/sources_1/imports/new/instructionMem.v:12]
WARNING: [Synth 8-6014] Unused sequential element mem_reg[975] was removed.  [C:/Vivado/CompArch/pipelinedGit/pipeline/pipeline.srcs/sources_1/imports/new/instructionMem.v:12]
WARNING: [Synth 8-6014] Unused sequential element mem_reg[974] was removed.  [C:/Vivado/CompArch/pipelinedGit/pipeline/pipeline.srcs/sources_1/imports/new/instructionMem.v:12]
WARNING: [Synth 8-6014] Unused sequential element mem_reg[973] was removed.  [C:/Vivado/CompArch/pipelinedGit/pipeline/pipeline.srcs/sources_1/imports/new/instructionMem.v:12]
WARNING: [Synth 8-6014] Unused sequential element mem_reg[972] was removed.  [C:/Vivado/CompArch/pipelinedGit/pipeline/pipeline.srcs/sources_1/imports/new/instructionMem.v:12]
WARNING: [Synth 8-6014] Unused sequential element mem_reg[971] was removed.  [C:/Vivado/CompArch/pipelinedGit/pipeline/pipeline.srcs/sources_1/imports/new/instructionMem.v:12]
WARNING: [Synth 8-6014] Unused sequential element mem_reg[970] was removed.  [C:/Vivado/CompArch/pipelinedGit/pipeline/pipeline.srcs/sources_1/imports/new/instructionMem.v:12]
WARNING: [Synth 8-6014] Unused sequential element mem_reg[969] was removed.  [C:/Vivado/CompArch/pipelinedGit/pipeline/pipeline.srcs/sources_1/imports/new/instructionMem.v:12]
WARNING: [Synth 8-6014] Unused sequential element mem_reg[968] was removed.  [C:/Vivado/CompArch/pipelinedGit/pipeline/pipeline.srcs/sources_1/imports/new/instructionMem.v:12]
WARNING: [Synth 8-6014] Unused sequential element mem_reg[967] was removed.  [C:/Vivado/CompArch/pipelinedGit/pipeline/pipeline.srcs/sources_1/imports/new/instructionMem.v:12]
WARNING: [Synth 8-6014] Unused sequential element mem_reg[966] was removed.  [C:/Vivado/CompArch/pipelinedGit/pipeline/pipeline.srcs/sources_1/imports/new/instructionMem.v:12]
WARNING: [Synth 8-6014] Unused sequential element mem_reg[965] was removed.  [C:/Vivado/CompArch/pipelinedGit/pipeline/pipeline.srcs/sources_1/imports/new/instructionMem.v:12]
WARNING: [Synth 8-6014] Unused sequential element mem_reg[964] was removed.  [C:/Vivado/CompArch/pipelinedGit/pipeline/pipeline.srcs/sources_1/imports/new/instructionMem.v:12]
WARNING: [Synth 8-6014] Unused sequential element mem_reg[963] was removed.  [C:/Vivado/CompArch/pipelinedGit/pipeline/pipeline.srcs/sources_1/imports/new/instructionMem.v:12]
WARNING: [Synth 8-6014] Unused sequential element mem_reg[962] was removed.  [C:/Vivado/CompArch/pipelinedGit/pipeline/pipeline.srcs/sources_1/imports/new/instructionMem.v:12]
WARNING: [Synth 8-6014] Unused sequential element mem_reg[961] was removed.  [C:/Vivado/CompArch/pipelinedGit/pipeline/pipeline.srcs/sources_1/imports/new/instructionMem.v:12]
WARNING: [Synth 8-6014] Unused sequential element mem_reg[960] was removed.  [C:/Vivado/CompArch/pipelinedGit/pipeline/pipeline.srcs/sources_1/imports/new/instructionMem.v:12]
WARNING: [Synth 8-6014] Unused sequential element mem_reg[959] was removed.  [C:/Vivado/CompArch/pipelinedGit/pipeline/pipeline.srcs/sources_1/imports/new/instructionMem.v:12]
WARNING: [Synth 8-6014] Unused sequential element mem_reg[958] was removed.  [C:/Vivado/CompArch/pipelinedGit/pipeline/pipeline.srcs/sources_1/imports/new/instructionMem.v:12]
WARNING: [Synth 8-6014] Unused sequential element mem_reg[957] was removed.  [C:/Vivado/CompArch/pipelinedGit/pipeline/pipeline.srcs/sources_1/imports/new/instructionMem.v:12]
WARNING: [Synth 8-6014] Unused sequential element mem_reg[956] was removed.  [C:/Vivado/CompArch/pipelinedGit/pipeline/pipeline.srcs/sources_1/imports/new/instructionMem.v:12]
WARNING: [Synth 8-6014] Unused sequential element mem_reg[955] was removed.  [C:/Vivado/CompArch/pipelinedGit/pipeline/pipeline.srcs/sources_1/imports/new/instructionMem.v:12]
WARNING: [Synth 8-6014] Unused sequential element mem_reg[954] was removed.  [C:/Vivado/CompArch/pipelinedGit/pipeline/pipeline.srcs/sources_1/imports/new/instructionMem.v:12]
WARNING: [Synth 8-6014] Unused sequential element mem_reg[953] was removed.  [C:/Vivado/CompArch/pipelinedGit/pipeline/pipeline.srcs/sources_1/imports/new/instructionMem.v:12]
WARNING: [Synth 8-6014] Unused sequential element mem_reg[952] was removed.  [C:/Vivado/CompArch/pipelinedGit/pipeline/pipeline.srcs/sources_1/imports/new/instructionMem.v:12]
WARNING: [Synth 8-6014] Unused sequential element mem_reg[951] was removed.  [C:/Vivado/CompArch/pipelinedGit/pipeline/pipeline.srcs/sources_1/imports/new/instructionMem.v:12]
WARNING: [Synth 8-6014] Unused sequential element mem_reg[950] was removed.  [C:/Vivado/CompArch/pipelinedGit/pipeline/pipeline.srcs/sources_1/imports/new/instructionMem.v:12]
WARNING: [Synth 8-6014] Unused sequential element mem_reg[949] was removed.  [C:/Vivado/CompArch/pipelinedGit/pipeline/pipeline.srcs/sources_1/imports/new/instructionMem.v:12]
WARNING: [Synth 8-6014] Unused sequential element mem_reg[948] was removed.  [C:/Vivado/CompArch/pipelinedGit/pipeline/pipeline.srcs/sources_1/imports/new/instructionMem.v:12]
WARNING: [Synth 8-6014] Unused sequential element mem_reg[947] was removed.  [C:/Vivado/CompArch/pipelinedGit/pipeline/pipeline.srcs/sources_1/imports/new/instructionMem.v:12]
WARNING: [Synth 8-6014] Unused sequential element mem_reg[946] was removed.  [C:/Vivado/CompArch/pipelinedGit/pipeline/pipeline.srcs/sources_1/imports/new/instructionMem.v:12]
WARNING: [Synth 8-6014] Unused sequential element mem_reg[945] was removed.  [C:/Vivado/CompArch/pipelinedGit/pipeline/pipeline.srcs/sources_1/imports/new/instructionMem.v:12]
WARNING: [Synth 8-6014] Unused sequential element mem_reg[944] was removed.  [C:/Vivado/CompArch/pipelinedGit/pipeline/pipeline.srcs/sources_1/imports/new/instructionMem.v:12]
WARNING: [Synth 8-6014] Unused sequential element mem_reg[943] was removed.  [C:/Vivado/CompArch/pipelinedGit/pipeline/pipeline.srcs/sources_1/imports/new/instructionMem.v:12]
WARNING: [Synth 8-6014] Unused sequential element mem_reg[942] was removed.  [C:/Vivado/CompArch/pipelinedGit/pipeline/pipeline.srcs/sources_1/imports/new/instructionMem.v:12]
WARNING: [Synth 8-6014] Unused sequential element mem_reg[941] was removed.  [C:/Vivado/CompArch/pipelinedGit/pipeline/pipeline.srcs/sources_1/imports/new/instructionMem.v:12]
WARNING: [Synth 8-6014] Unused sequential element mem_reg[940] was removed.  [C:/Vivado/CompArch/pipelinedGit/pipeline/pipeline.srcs/sources_1/imports/new/instructionMem.v:12]
WARNING: [Synth 8-6014] Unused sequential element mem_reg[939] was removed.  [C:/Vivado/CompArch/pipelinedGit/pipeline/pipeline.srcs/sources_1/imports/new/instructionMem.v:12]
WARNING: [Synth 8-6014] Unused sequential element mem_reg[938] was removed.  [C:/Vivado/CompArch/pipelinedGit/pipeline/pipeline.srcs/sources_1/imports/new/instructionMem.v:12]
WARNING: [Synth 8-6014] Unused sequential element mem_reg[937] was removed.  [C:/Vivado/CompArch/pipelinedGit/pipeline/pipeline.srcs/sources_1/imports/new/instructionMem.v:12]
WARNING: [Synth 8-6014] Unused sequential element mem_reg[936] was removed.  [C:/Vivado/CompArch/pipelinedGit/pipeline/pipeline.srcs/sources_1/imports/new/instructionMem.v:12]
WARNING: [Synth 8-6014] Unused sequential element mem_reg[935] was removed.  [C:/Vivado/CompArch/pipelinedGit/pipeline/pipeline.srcs/sources_1/imports/new/instructionMem.v:12]
WARNING: [Synth 8-6014] Unused sequential element mem_reg[934] was removed.  [C:/Vivado/CompArch/pipelinedGit/pipeline/pipeline.srcs/sources_1/imports/new/instructionMem.v:12]
WARNING: [Synth 8-6014] Unused sequential element mem_reg[933] was removed.  [C:/Vivado/CompArch/pipelinedGit/pipeline/pipeline.srcs/sources_1/imports/new/instructionMem.v:12]
WARNING: [Synth 8-6014] Unused sequential element mem_reg[932] was removed.  [C:/Vivado/CompArch/pipelinedGit/pipeline/pipeline.srcs/sources_1/imports/new/instructionMem.v:12]
WARNING: [Synth 8-6014] Unused sequential element mem_reg[931] was removed.  [C:/Vivado/CompArch/pipelinedGit/pipeline/pipeline.srcs/sources_1/imports/new/instructionMem.v:12]
WARNING: [Synth 8-6014] Unused sequential element mem_reg[930] was removed.  [C:/Vivado/CompArch/pipelinedGit/pipeline/pipeline.srcs/sources_1/imports/new/instructionMem.v:12]
WARNING: [Synth 8-6014] Unused sequential element mem_reg[929] was removed.  [C:/Vivado/CompArch/pipelinedGit/pipeline/pipeline.srcs/sources_1/imports/new/instructionMem.v:12]
WARNING: [Synth 8-6014] Unused sequential element mem_reg[928] was removed.  [C:/Vivado/CompArch/pipelinedGit/pipeline/pipeline.srcs/sources_1/imports/new/instructionMem.v:12]
WARNING: [Synth 8-6014] Unused sequential element mem_reg[927] was removed.  [C:/Vivado/CompArch/pipelinedGit/pipeline/pipeline.srcs/sources_1/imports/new/instructionMem.v:12]
WARNING: [Synth 8-6014] Unused sequential element mem_reg[926] was removed.  [C:/Vivado/CompArch/pipelinedGit/pipeline/pipeline.srcs/sources_1/imports/new/instructionMem.v:12]
WARNING: [Synth 8-6014] Unused sequential element mem_reg[925] was removed.  [C:/Vivado/CompArch/pipelinedGit/pipeline/pipeline.srcs/sources_1/imports/new/instructionMem.v:12]
WARNING: [Synth 8-6014] Unused sequential element mem_reg[924] was removed.  [C:/Vivado/CompArch/pipelinedGit/pipeline/pipeline.srcs/sources_1/imports/new/instructionMem.v:12]
WARNING: [Synth 8-6014] Unused sequential element mem_reg[923] was removed.  [C:/Vivado/CompArch/pipelinedGit/pipeline/pipeline.srcs/sources_1/imports/new/instructionMem.v:12]
INFO: [Common 17-14] Message 'Synth 8-6014' appears 100 times and further instances of the messages will be disabled. Use the Tcl command set_msg_config to change the current settings.
WARNING: [Synth 8-7129] Port X[31] in module crosshair is either unconnected or has no load
WARNING: [Synth 8-7129] Port X[30] in module crosshair is either unconnected or has no load
WARNING: [Synth 8-7129] Port X[29] in module crosshair is either unconnected or has no load
WARNING: [Synth 8-7129] Port X[28] in module crosshair is either unconnected or has no load
WARNING: [Synth 8-7129] Port X[27] in module crosshair is either unconnected or has no load
WARNING: [Synth 8-7129] Port X[26] in module crosshair is either unconnected or has no load
WARNING: [Synth 8-7129] Port X[25] in module crosshair is either unconnected or has no load
WARNING: [Synth 8-7129] Port X[24] in module crosshair is either unconnected or has no load
WARNING: [Synth 8-7129] Port X[23] in module crosshair is either unconnected or has no load
WARNING: [Synth 8-7129] Port X[22] in module crosshair is either unconnected or has no load
WARNING: [Synth 8-7129] Port X[21] in module crosshair is either unconnected or has no load
WARNING: [Synth 8-7129] Port X[20] in module crosshair is either unconnected or has no load
WARNING: [Synth 8-7129] Port X[19] in module crosshair is either unconnected or has no load
WARNING: [Synth 8-7129] Port X[18] in module crosshair is either unconnected or has no load
WARNING: [Synth 8-7129] Port X[17] in module crosshair is either unconnected or has no load
WARNING: [Synth 8-7129] Port X[16] in module crosshair is either unconnected or has no load
WARNING: [Synth 8-7129] Port X[15] in module crosshair is either unconnected or has no load
WARNING: [Synth 8-7129] Port X[14] in module crosshair is either unconnected or has no load
WARNING: [Synth 8-7129] Port X[13] in module crosshair is either unconnected or has no load
WARNING: [Synth 8-7129] Port X[12] in module crosshair is either unconnected or has no load
WARNING: [Synth 8-7129] Port X[11] in module crosshair is either unconnected or has no load
WARNING: [Synth 8-7129] Port X[10] in module crosshair is either unconnected or has no load
WARNING: [Synth 8-7129] Port X[9] in module crosshair is either unconnected or has no load
WARNING: [Synth 8-7129] Port X[8] in module crosshair is either unconnected or has no load
WARNING: [Synth 8-7129] Port X[7] in module crosshair is either unconnected or has no load
WARNING: [Synth 8-7129] Port Y[31] in module crosshair is either unconnected or has no load
WARNING: [Synth 8-7129] Port Y[30] in module crosshair is either unconnected or has no load
WARNING: [Synth 8-7129] Port Y[29] in module crosshair is either unconnected or has no load
WARNING: [Synth 8-7129] Port Y[28] in module crosshair is either unconnected or has no load
WARNING: [Synth 8-7129] Port Y[27] in module crosshair is either unconnected or has no load
WARNING: [Synth 8-7129] Port Y[26] in module crosshair is either unconnected or has no load
WARNING: [Synth 8-7129] Port Y[25] in module crosshair is either unconnected or has no load
WARNING: [Synth 8-7129] Port Y[24] in module crosshair is either unconnected or has no load
WARNING: [Synth 8-7129] Port Y[23] in module crosshair is either unconnected or has no load
WARNING: [Synth 8-7129] Port Y[22] in module crosshair is either unconnected or has no load
WARNING: [Synth 8-7129] Port Y[21] in module crosshair is either unconnected or has no load
WARNING: [Synth 8-7129] Port Y[20] in module crosshair is either unconnected or has no load
WARNING: [Synth 8-7129] Port Y[19] in module crosshair is either unconnected or has no load
WARNING: [Synth 8-7129] Port Y[18] in module crosshair is either unconnected or has no load
WARNING: [Synth 8-7129] Port Y[17] in module crosshair is either unconnected or has no load
WARNING: [Synth 8-7129] Port Y[16] in module crosshair is either unconnected or has no load
WARNING: [Synth 8-7129] Port Y[15] in module crosshair is either unconnected or has no load
WARNING: [Synth 8-7129] Port Y[14] in module crosshair is either unconnected or has no load
WARNING: [Synth 8-7129] Port Y[13] in module crosshair is either unconnected or has no load
WARNING: [Synth 8-7129] Port Y[12] in module crosshair is either unconnected or has no load
WARNING: [Synth 8-7129] Port Y[11] in module crosshair is either unconnected or has no load
WARNING: [Synth 8-7129] Port Y[10] in module crosshair is either unconnected or has no load
WARNING: [Synth 8-7129] Port Y[9] in module crosshair is either unconnected or has no load
WARNING: [Synth 8-7129] Port Y[8] in module crosshair is either unconnected or has no load
WARNING: [Synth 8-7129] Port Y[7] in module crosshair is either unconnected or has no load
WARNING: [Synth 8-7129] Port Y[6] in module crosshair is either unconnected or has no load
WARNING: [Synth 8-7129] Port if_id_IR[31] in module jTypeAddressProcessor is either unconnected or has no load
WARNING: [Synth 8-7129] Port if_id_IR[30] in module jTypeAddressProcessor is either unconnected or has no load
WARNING: [Synth 8-7129] Port if_id_IR[29] in module jTypeAddressProcessor is either unconnected or has no load
WARNING: [Synth 8-7129] Port if_id_IR[28] in module jTypeAddressProcessor is either unconnected or has no load
WARNING: [Synth 8-7129] Port if_id_IR[27] in module jTypeAddressProcessor is either unconnected or has no load
WARNING: [Synth 8-7129] Port if_id_IR[26] in module jTypeAddressProcessor is either unconnected or has no load
WARNING: [Synth 8-7129] Port if_id_NPC[27] in module jTypeAddressProcessor is either unconnected or has no load
WARNING: [Synth 8-7129] Port if_id_NPC[26] in module jTypeAddressProcessor is either unconnected or has no load
WARNING: [Synth 8-7129] Port if_id_NPC[25] in module jTypeAddressProcessor is either unconnected or has no load
WARNING: [Synth 8-7129] Port if_id_NPC[24] in module jTypeAddressProcessor is either unconnected or has no load
WARNING: [Synth 8-7129] Port if_id_NPC[23] in module jTypeAddressProcessor is either unconnected or has no load
WARNING: [Synth 8-7129] Port if_id_NPC[22] in module jTypeAddressProcessor is either unconnected or has no load
WARNING: [Synth 8-7129] Port if_id_NPC[21] in module jTypeAddressProcessor is either unconnected or has no load
WARNING: [Synth 8-7129] Port if_id_NPC[20] in module jTypeAddressProcessor is either unconnected or has no load
WARNING: [Synth 8-7129] Port if_id_NPC[19] in module jTypeAddressProcessor is either unconnected or has no load
WARNING: [Synth 8-7129] Port if_id_NPC[18] in module jTypeAddressProcessor is either unconnected or has no load
WARNING: [Synth 8-7129] Port if_id_NPC[17] in module jTypeAddressProcessor is either unconnected or has no load
WARNING: [Synth 8-7129] Port if_id_NPC[16] in module jTypeAddressProcessor is either unconnected or has no load
WARNING: [Synth 8-7129] Port if_id_NPC[15] in module jTypeAddressProcessor is either unconnected or has no load
WARNING: [Synth 8-7129] Port if_id_NPC[14] in module jTypeAddressProcessor is either unconnected or has no load
WARNING: [Synth 8-7129] Port if_id_NPC[13] in module jTypeAddressProcessor is either unconnected or has no load
WARNING: [Synth 8-7129] Port if_id_NPC[12] in module jTypeAddressProcessor is either unconnected or has no load
WARNING: [Synth 8-7129] Port if_id_NPC[11] in module jTypeAddressProcessor is either unconnected or has no load
WARNING: [Synth 8-7129] Port if_id_NPC[10] in module jTypeAddressProcessor is either unconnected or has no load
WARNING: [Synth 8-7129] Port if_id_NPC[9] in module jTypeAddressProcessor is either unconnected or has no load
WARNING: [Synth 8-7129] Port if_id_NPC[8] in module jTypeAddressProcessor is either unconnected or has no load
WARNING: [Synth 8-7129] Port if_id_NPC[7] in module jTypeAddressProcessor is either unconnected or has no load
WARNING: [Synth 8-7129] Port if_id_NPC[6] in module jTypeAddressProcessor is either unconnected or has no load
WARNING: [Synth 8-7129] Port if_id_NPC[5] in module jTypeAddressProcessor is either unconnected or has no load
WARNING: [Synth 8-7129] Port if_id_NPC[4] in module jTypeAddressProcessor is either unconnected or has no load
WARNING: [Synth 8-7129] Port if_id_NPC[3] in module jTypeAddressProcessor is either unconnected or has no load
WARNING: [Synth 8-7129] Port if_id_NPC[2] in module jTypeAddressProcessor is either unconnected or has no load
WARNING: [Synth 8-7129] Port if_id_NPC[1] in module jTypeAddressProcessor is either unconnected or has no load
WARNING: [Synth 8-7129] Port if_id_NPC[0] in module jTypeAddressProcessor is either unconnected or has no load
WARNING: [Synth 8-7129] Port pcVal[31] in module instructionMem is either unconnected or has no load
WARNING: [Synth 8-7129] Port pcVal[30] in module instructionMem is either unconnected or has no load
WARNING: [Synth 8-7129] Port pcVal[29] in module instructionMem is either unconnected or has no load
WARNING: [Synth 8-7129] Port pcVal[28] in module instructionMem is either unconnected or has no load
WARNING: [Synth 8-7129] Port pcVal[27] in module instructionMem is either unconnected or has no load
WARNING: [Synth 8-7129] Port pcVal[26] in module instructionMem is either unconnected or has no load
WARNING: [Synth 8-7129] Port pcVal[25] in module instructionMem is either unconnected or has no load
WARNING: [Synth 8-7129] Port pcVal[24] in module instructionMem is either unconnected or has no load
WARNING: [Synth 8-7129] Port pcVal[23] in module instructionMem is either unconnected or has no load
WARNING: [Synth 8-7129] Port pcVal[22] in module instructionMem is either unconnected or has no load
WARNING: [Synth 8-7129] Port pcVal[21] in module instructionMem is either unconnected or has no load
WARNING: [Synth 8-7129] Port pcVal[20] in module instructionMem is either unconnected or has no load
WARNING: [Synth 8-7129] Port pcVal[19] in module instructionMem is either unconnected or has no load
WARNING: [Synth 8-7129] Port pcVal[18] in module instructionMem is either unconnected or has no load
WARNING: [Synth 8-7129] Port pcVal[17] in module instructionMem is either unconnected or has no load
INFO: [Common 17-14] Message 'Synth 8-7129' appears 100 times and further instances of the messages will be disabled. Use the Tcl command set_msg_config to change the current settings.
---------------------------------------------------------------------------------
Finished RTL Elaboration : Time (s): cpu = 00:00:19 ; elapsed = 00:00:21 . Memory (MB): peak = 1884.418 ; gain = 1163.859
---------------------------------------------------------------------------------
---------------------------------------------------------------------------------
Start Handling Custom Attributes
---------------------------------------------------------------------------------
---------------------------------------------------------------------------------
Finished Handling Custom Attributes : Time (s): cpu = 00:00:20 ; elapsed = 00:00:22 . Memory (MB): peak = 1884.418 ; gain = 1163.859
---------------------------------------------------------------------------------
---------------------------------------------------------------------------------
Finished RTL Optimization Phase 1 : Time (s): cpu = 00:00:20 ; elapsed = 00:00:22 . Memory (MB): peak = 1884.418 ; gain = 1163.859
---------------------------------------------------------------------------------
Netlist sorting complete. Time (s): cpu = 00:00:02 ; elapsed = 00:00:01 . Memory (MB): peak = 1884.418 ; gain = 0.000
INFO: [Project 1-570] Preparing netlist for logic optimization

Processing XDC Constraints
Initializing timing engine
Parsing XDC File [C:/Vivado/CompArch/pipelinedGit/pipeline/pipeline.srcs/constrs_1/new/paintConstr.xdc]
Finished Parsing XDC File [C:/Vivado/CompArch/pipelinedGit/pipeline/pipeline.srcs/constrs_1/new/paintConstr.xdc]
INFO: [Project 1-236] Implementation specific constraints were found while reading constraint file [C:/Vivado/CompArch/pipelinedGit/pipeline/pipeline.srcs/constrs_1/new/paintConstr.xdc]. These constraints will be ignored for synthesis but will be used in implementation. Impacted constraints are listed in the file [.Xil/parent_propImpl.xdc].
Resolution: To avoid this warning, move constraints listed in [.Xil/parent_propImpl.xdc] to another XDC file and exclude this new file from synthesis with the used_in_synthesis property (File Properties dialog in GUI) and re-run elaboration/synthesis.
Completed Processing XDC Constraints

Netlist sorting complete. Time (s): cpu = 00:00:00 ; elapsed = 00:00:00.016 . Memory (MB): peak = 2073.598 ; gain = 0.000
INFO: [Project 1-111] Unisim Transformation Summary:
No Unisim elements were transformed.

---------------------------------------------------------------------------------
Finished Constraint Validation : Time (s): cpu = 00:00:52 ; elapsed = 00:00:55 . Memory (MB): peak = 2073.598 ; gain = 1353.039
---------------------------------------------------------------------------------
---------------------------------------------------------------------------------
Start Loading Part and Timing Information
---------------------------------------------------------------------------------
Loading part: xc7z020clg400-1
---------------------------------------------------------------------------------
Finished Loading Part and Timing Information : Time (s): cpu = 00:00:52 ; elapsed = 00:00:55 . Memory (MB): peak = 2073.598 ; gain = 1353.039
---------------------------------------------------------------------------------
---------------------------------------------------------------------------------
Start Applying 'set_property' XDC Constraints
---------------------------------------------------------------------------------
---------------------------------------------------------------------------------
Finished applying 'set_property' XDC Constraints : Time (s): cpu = 00:00:52 ; elapsed = 00:00:56 . Memory (MB): peak = 2073.598 ; gain = 1353.039
---------------------------------------------------------------------------------
---------------------------------------------------------------------------------
Start Preparing Guide Design
---------------------------------------------------------------------------------
---------------------------------------------------------------------------------
Finished Doing Graph Differ : Time (s): cpu = 00:00:57 ; elapsed = 00:01:01 . Memory (MB): peak = 2073.598 ; gain = 1353.039
---------------------------------------------------------------------------------
pipeline__GC0spi__GB0memory__GB5logic__18538_parent__GDmemory__GB3crosshairspi__GB3memory__GB2memory__GB6spi__GB2memory__GB4memory__GB0spi__GB1memory__GB1---------------------------------------------------------------------------------
Finished Preparing Guide Design : Time (s): cpu = 00:01:01 ; elapsed = 00:01:05 . Memory (MB): peak = 2073.598 ; gain = 1353.039
---------------------------------------------------------------------------------
---------------------------------------------------------------------------------
Finished RTL Optimization Phase 2 : Time (s): cpu = 00:01:03 ; elapsed = 00:01:07 . Memory (MB): peak = 2073.598 ; gain = 1353.039
---------------------------------------------------------------------------------
---------------------------------------------------------------------------------
Start Mimic Skeleton from Reference
---------------------------------------------------------------------------------
---------------------------------------------------------------------------------
Finished Mimic Skeleton from Reference : Time (s): cpu = 00:01:05 ; elapsed = 00:01:10 . Memory (MB): peak = 2073.598 ; gain = 1353.039
---------------------------------------------------------------------------------


Incremental Synthesis Report Summary:

1. Incremental synthesis run: yes

   Stitch points used : changed


2. Change Summary

Report Incremental Modules: 
+------+----------------+------------+----------+----------+
|      |Changed Modules |Replication |Instances |Changed % |
+------+----------------+------------+----------+----------+
|1     |movementDivider |           1|       983|    0.3106|
+------+----------------+------------+----------+----------+


   Full Design Size (number of cells) : 316469
   Resynthesis Design Size (number of cells) : 1666
   Resynth % : 0.5264,  Reuse % : 99.4736

3. Reference Checkpoint Information

+--------------------------------------------------------------------------------------------------------------+
| DCP Location:  | C:/Vivado/CompArch/pipelinedGit/pipeline/pipeline.srcs/utils_1/imports/synth_1/pipeline.dcp |
+--------------------------------------------------------------------------------------------------------------+


+--------------------------------+------------------------------+
|         DCP Information        |             Value            |
+--------------------------------+------------------------------+
| Vivado Version                 |                    v2025.1 |
| DCP State                      |                              |
+--------------------------------+------------------------------+



Report RTL Partitions: 
+------+--------------------------------+------------+----------+
|      |RTL Partition                   |Replication |Instances |
+------+--------------------------------+------------+----------+
|1     |parent__GCB2                    |           1|      1666|
|2     |memory__GB0_#REUSE#             |           1|         0|
|3     |memory__GB1_#REUSE#             |           1|         0|
|4     |memory__GB2_#REUSE#             |           1|         0|
|5     |memory__GB3_#REUSE#             |           1|         0|
|6     |memory__GB4_#REUSE#             |           1|         0|
|7     |memory__GB5_#REUSE#             |           1|         0|
|8     |memory__GB6_#REUSE#             |           1|         0|
|9     |pipeline__GC0_#REUSE#           |           1|         0|
|10    |crosshair_#REUSE#               |           1|         0|
|11    |spi__GB0_#REUSE#                |           1|         0|
|12    |spi__GB1_#REUSE#                |           1|         0|
|13    |spi__GB2_#REUSE#                |           1|         0|
|14    |spi__GB3_#REUSE#                |           1|         0|
|15    |logic__18538_parent__GD_#REUSE# |           1|         0|
+------+--------------------------------+------------+----------+
---------------------------------------------------------------------------------
Start RTL Component Statistics 
---------------------------------------------------------------------------------
Detailed RTL Component Info : 
+---Adders : 
	   2 Input   22 Bit       Adders := 1     
	   2 Input   20 Bit       Adders := 2     
	   2 Input    4 Bit       Adders := 1     
+---Registers : 
	               20 Bit    Registers := 2     
	                4 Bit    Registers := 1     
	                1 Bit    Registers := 9     
+---Muxes : 
	   2 Input   20 Bit        Muxes := 4     
	   2 Input    4 Bit        Muxes := 2     
	   2 Input    1 Bit        Muxes := 1     
---------------------------------------------------------------------------------
Finished RTL Component Statistics 
---------------------------------------------------------------------------------
---------------------------------------------------------------------------------
Start Part Resource Summary
---------------------------------------------------------------------------------
Part Resources:
DSPs: 220 (col length:60)
BRAMs: 280 (col length: RAMB18 60 RAMB36 30)
---------------------------------------------------------------------------------
Finished Part Resource Summary
---------------------------------------------------------------------------------
---------------------------------------------------------------------------------
Start Cross Boundary and Area Optimization
---------------------------------------------------------------------------------
WARNING: [Synth 8-7080] Parallel synthesis criteria is not met
WARNING: [Synth 8-7077] IncrSyn: subsequent runs will still be incremental as the reference run was parallel and that data is reused
---------------------------------------------------------------------------------
Finished Cross Boundary and Area Optimization : Time (s): cpu = 00:01:14 ; elapsed = 00:01:20 . Memory (MB): peak = 2073.598 ; gain = 1353.039
---------------------------------------------------------------------------------
---------------------------------------------------------------------------------
Start Stitch Unchanged AreaOpt Partitions
---------------------------------------------------------------------------------
---------------------------------------------------------------------------------
Finished Stitch Unchanged AreaOpt Partitions : Time (s): cpu = 00:01:17 ; elapsed = 00:01:23 . Memory (MB): peak = 2073.598 ; gain = 1353.039
---------------------------------------------------------------------------------
---------------------------------------------------------------------------------
Start Applying XDC Timing Constraints
---------------------------------------------------------------------------------
---------------------------------------------------------------------------------
Finished Applying XDC Timing Constraints : Time (s): cpu = 00:01:37 ; elapsed = 00:01:46 . Memory (MB): peak = 2073.598 ; gain = 1353.039
---------------------------------------------------------------------------------
---------------------------------------------------------------------------------
Start Timing Optimization
---------------------------------------------------------------------------------
---------------------------------------------------------------------------------
Finished Timing Optimization : Time (s): cpu = 00:01:39 ; elapsed = 00:01:48 . Memory (MB): peak = 2073.598 ; gain = 1353.039
---------------------------------------------------------------------------------
---------------------------------------------------------------------------------
Start Technology Mapping
---------------------------------------------------------------------------------
WARNING: [Synth 8-7080] Parallel synthesis criteria is not met
WARNING: [Synth 8-7077] IncrSyn: subsequent runs will still be incremental as the reference run was parallel and that data is reused
---------------------------------------------------------------------------------
Finished Technology Mapping : Time (s): cpu = 00:01:41 ; elapsed = 00:01:50 . Memory (MB): peak = 2073.598 ; gain = 1353.039
---------------------------------------------------------------------------------
---------------------------------------------------------------------------------
Start Stitch Unchanged Partitions
---------------------------------------------------------------------------------
---------------------------------------------------------------------------------
Finished Stitch Unchanged Partitions : Time (s): cpu = 00:01:43 ; elapsed = 00:01:53 . Memory (MB): peak = 2073.598 ; gain = 1353.039
---------------------------------------------------------------------------------
---------------------------------------------------------------------------------
Start IO Insertion
---------------------------------------------------------------------------------
---------------------------------------------------------------------------------
Start Flattening Before IO Insertion
---------------------------------------------------------------------------------
---------------------------------------------------------------------------------
Finished Flattening Before IO Insertion
---------------------------------------------------------------------------------
---------------------------------------------------------------------------------
Start Final Netlist Cleanup
---------------------------------------------------------------------------------
---------------------------------------------------------------------------------
Finished Final Netlist Cleanup
---------------------------------------------------------------------------------
---------------------------------------------------------------------------------
Finished IO Insertion : Time (s): cpu = 00:02:09 ; elapsed = 00:02:21 . Memory (MB): peak = 2078.941 ; gain = 1358.383
---------------------------------------------------------------------------------
---------------------------------------------------------------------------------
Start Renaming Generated Instances
---------------------------------------------------------------------------------
---------------------------------------------------------------------------------
Finished Renaming Generated Instances : Time (s): cpu = 00:02:09 ; elapsed = 00:02:21 . Memory (MB): peak = 2078.941 ; gain = 1358.383
---------------------------------------------------------------------------------
---------------------------------------------------------------------------------
Start Rebuilding User Hierarchy
---------------------------------------------------------------------------------
---------------------------------------------------------------------------------
Finished Rebuilding User Hierarchy : Time (s): cpu = 00:02:12 ; elapsed = 00:02:24 . Memory (MB): peak = 2078.941 ; gain = 1358.383
---------------------------------------------------------------------------------
---------------------------------------------------------------------------------
Start Renaming Generated Ports
---------------------------------------------------------------------------------
---------------------------------------------------------------------------------
Finished Renaming Generated Ports : Time (s): cpu = 00:02:12 ; elapsed = 00:02:25 . Memory (MB): peak = 2078.941 ; gain = 1358.383
---------------------------------------------------------------------------------
---------------------------------------------------------------------------------
Start Handling Custom Attributes
---------------------------------------------------------------------------------
---------------------------------------------------------------------------------
Finished Handling Custom Attributes : Time (s): cpu = 00:02:48 ; elapsed = 00:03:02 . Memory (MB): peak = 2078.941 ; gain = 1358.383
---------------------------------------------------------------------------------
---------------------------------------------------------------------------------
Start Renaming Generated Nets
---------------------------------------------------------------------------------
---------------------------------------------------------------------------------
Finished Renaming Generated Nets : Time (s): cpu = 00:02:48 ; elapsed = 00:03:02 . Memory (MB): peak = 2078.941 ; gain = 1358.383
---------------------------------------------------------------------------------
---------------------------------------------------------------------------------
Start Writing Synthesis Report
---------------------------------------------------------------------------------

Report BlackBoxes: 
+-+--------------+----------+
| |BlackBox name |Instances |
+-+--------------+----------+
+-+--------------+----------+

Report Cell Usage: 
+------+-------+------+
|      |Cell   |Count |
+------+-------+------+
|1     |BUFG   |     2|
|2     |CARRY4 |    89|
|3     |LUT1   |    38|
|4     |LUT2   |  7810|
|5     |LUT3   |  3711|
|6     |LUT4   |   685|
|7     |LUT5   |  1596|
|8     |LUT6   | 25483|
|9     |MUXF7  |  5362|
|10    |MUXF8  |  2546|
|11    |FDCE   |  9887|
|12    |FDPE   |     4|
|13    |FDRE   |  8296|
|14    |FDSE   |     4|
|15    |IBUF   |    12|
|16    |OBUF   |    24|
+------+-------+------+
---------------------------------------------------------------------------------
Finished Writing Synthesis Report : Time (s): cpu = 00:02:49 ; elapsed = 00:03:02 . Memory (MB): peak = 2078.941 ; gain = 1358.383
---------------------------------------------------------------------------------
Synthesis finished with 0 errors, 0 critical warnings and 4 warnings.
Synthesis Optimization Runtime : Time (s): cpu = 00:02:14 ; elapsed = 00:02:49 . Memory (MB): peak = 2078.941 ; gain = 1169.203
Synthesis Optimization Complete : Time (s): cpu = 00:02:49 ; elapsed = 00:03:03 . Memory (MB): peak = 2078.941 ; gain = 1358.383
INFO: [Project 1-571] Translating synthesized netlist
Netlist sorting complete. Time (s): cpu = 00:00:01 ; elapsed = 00:00:01 . Memory (MB): peak = 2105.027 ; gain = 0.000
INFO: [Netlist 29-17] Analyzing 7997 Unisim elements for replacement
INFO: [Netlist 29-28] Unisim Transformation completed in 0 CPU seconds
INFO: [Project 1-570] Preparing netlist for logic optimization
INFO: [Opt 31-138] Pushed 0 inverter(s) to 0 load pin(s).
Netlist sorting complete. Time (s): cpu = 00:00:00 ; elapsed = 00:00:00.035 . Memory (MB): peak = 2143.160 ; gain = 0.000
INFO: [Project 1-111] Unisim Transformation Summary:
No Unisim elements were transformed.

Synth Design complete | Checksum: 545fa76b
INFO: [Common 17-83] Releasing license: Synthesis
83 Infos, 205 Warnings, 0 Critical Warnings and 0 Errors encountered.
synth_design completed successfully
synth_design: Time (s): cpu = 00:03:09 ; elapsed = 00:03:32 . Memory (MB): peak = 2143.160 ; gain = 1652.066
Write ShapeDB Complete: Time (s): cpu = 00:00:01 ; elapsed = 00:00:00.142 . Memory (MB): peak = 2143.160 ; gain = 0.000
INFO: [Common 17-1381] The checkpoint 'C:/Vivado/CompArch/pipelinedGit/pipeline/pipeline.runs/synth_1/parent.dcp' has been generated.
write_checkpoint: Time (s): cpu = 00:00:08 ; elapsed = 00:00:09 . Memory (MB): peak = 2143.160 ; gain = 0.000
INFO: [Vivado 12-24828] Executing command : report_utilization -file parent_utilization_synth.rpt -pb parent_utilization_synth.pb
INFO: [Common 17-206] Exiting Vivado at Mon May 25 20:01:16 2026...
