#-----------------------------------------------------------
# Vivado v2025.1 (64-bit)
# SW Build 6140274 on Thu May 22 00:12:29 MDT 2025
# IP Build 6138677 on Thu May 22 03:10:11 MDT 2025
# SharedData Build 6139179 on Tue May 20 17:58:58 MDT 2025
# Start of session at: Mon May 25 19:56:23 2026
# Process ID         : 21300
# Current directory  : C:/Vivado/CompArch/pipelinedGit/pipeline/pipeline.runs/synth_1
# Command line       : vivado.exe -log parent.vds -product Vivado -mode batch -messageDb vivado.pb -notrace -source parent.tcl
# Log file           : C:/Vivado/CompArch/pipelinedGit/pipeline/pipeline.runs/synth_1/parent.vds
# Journal file       : C:/Vivado/CompArch/pipelinedGit/pipeline/pipeline.runs/synth_1\vivado.jou
# Running On         : LAPTOP-QR3M58JR
# Platform           : Windows Server 2016 or Windows 10
# Operating System   : 26200
# Processor Detail   : Intel(R) Core(TM) i5-9300H CPU @ 2.40GHz
# CPU Frequency      : 2400 MHz
# CPU Physical cores : 4
# CPU Logical cores  : 8
# Host memory        : 17009 MB
# Swap memory        : 5789 MB
# Total Virtual      : 22798 MB
# Available Virtual  : 8168 MB
#-----------------------------------------------------------
source parent.tcl -notrace
